// Jest Snapshot v1, https://goo.gl/fbAQLP

exports[`MainPage test should render correctly 1`] = `
<DocumentFragment>
  <div
    class="main-page"
  >
    <h2
      class="main-page__title"
    >
      VK Маркет
    </h2>
    <h3
      data-testid="current_time"
    >
      12:00:00
    </h3>
    <div
      class="main-page__parameters"
      data-testid="categories"
    >
      <div
        class="categories"
      >
        <div
          class="categories__badge"
        >
          Одежда
        </div>
        <div
          class="categories__badge"
        >
          Для дома
        </div>
        <div
          class="categories__badge"
        >
          Электроника
        </div>
      </div>
    </div>
    <div
      class="product-card"
      data-testid="product_container"
    >
      <div
        class="product-card__text"
      >
        <h2
          class="product-card__name"
        >
          IPhone 14 Pro
        </h2>
        <div
          class="product-card__description"
        >
          Latest iphone, buy it now
        </div>
        <h1
          class="product-card__price"
        >
          999 $
        </h1>
        <div
          class="product-card__category"
        >
          Электроника
        </div>
      </div>
      <img
        alt="IPhone 14 Pro"
        class="product-card__image"
        src="/iphone.png"
      />
    </div>
    <div
      class="product-card"
      data-testid="product_container"
    >
      <div
        class="product-card__text"
      >
        <h2
          class="product-card__name"
        >
          Костюм гуся
        </h2>
        <div
          class="product-card__description"
        >
          Запускаем гуся, работяги
        </div>
        <h1
          class="product-card__price"
        >
          1 000 ₽
        </h1>
        <div
          class="product-card__category"
        >
          Одежда
        </div>
      </div>
    </div>
    <div
      class="product-card"
      data-testid="product_container"
    >
      <div
        class="product-card__text"
      >
        <h2
          class="product-card__name"
        >
          Настольная лампа
        </h2>
        <div
          class="product-card__description"
        >
          Говорят, что ее использовали в pixar
        </div>
        <h1
          class="product-card__price"
        >
          699 ₽
        </h1>
        <div
          class="product-card__category"
        >
          Для дома
        </div>
      </div>
      <img
        alt="Настольная лампа"
        class="product-card__image"
        src="/lamp.png"
      />
    </div>
    <div
      class="product-card"
      data-testid="product_container"
    >
      <div
        class="product-card__text"
      >
        <h2
          class="product-card__name"
        >
          Принтер
        </h2>
        <div
          class="product-card__description"
        >
          Незаменимая вещь для студента
        </div>
        <h1
          class="product-card__price"
        >
          7 000 ₽
        </h1>
        <div
          class="product-card__category"
        >
          Электроника
        </div>
      </div>
    </div>
  </div>
</DocumentFragment>
`;
